// Jest Snapshot v1, https://goo.gl/fbAQLP

exports[`Home renders Home unchanged 1`] = `
<div>
  <main>
    <h1
      class="text-3xl text-green-600 p-2"
    >
      Hello World
    </h1>
  </main>
</div>
`;
